// Jest Snapshot v1, https://goo.gl/fbAQLP

exports[`AppErrors renders text 1`] = `
<p
  className="AppErrors"
>
  Error text
</p>
`;
